
> consolidated-platform@0.1.0 build C:\laragon\www\quiz-maxy
> next build

Ôû▓ Next.js 16.1.1 (Turbopack)

  Creating an optimized production build ...
node.exe : Error: Can
not apply unknown uti
lity class `bg-dark-b
g`
At C:\Program Files\n
odejs\pnpm.ps1:16 cha
r:5
+     & "$basedir/nod
e$exe"  "$basedir/nod
e_modules/corepack/di
st/pnpm. ...
+     ~~~~~~~~~~~~~~~
~~~~~~~~~~~~~~~~~~~~~
~~~~~~~~~~~~~~~~~~~~~
~~~~~~~~
    + CategoryInfo   
           : NotSpe  
  cified: (Error:    
 Cannot a...ss `b    
g-dark-bg`:Strin    g
) [], RemoteExc    ep
tion
    + FullyQualified 
   ErrorId : Native  
  CommandError
 
    [2m[at onInvalid
Candidate (C:\laragon
\www\quiz-maxy\node_m
odules\.pnpm\tailwind
css@4.1.18\node_modul
es\tailwindcss\dist\l
ib.js:21:1511)][0m
    [2m[at Te (C:\la
ragon\www\quiz-maxy\n
ode_modules\.pnpm\tai
lwindcss@4.1.18\node_
modules\tailwindcss\d
ist\lib.js:16:36652)]
[0m
    [2m[at C:\larago
n\www\quiz-maxy\node_
modules\.pnpm\tailwin
dcss@4.1.18\node_modu
les\tailwindcss\dist\
lib.js:21:355][0m
    [2m[at Rr (C:\la
ragon\www\quiz-maxy\n
ode_modules\.pnpm\tai
lwindcss@4.1.18\node_
modules\tailwindcss\d
ist\lib.js:3:1718)][
0m
    [2m[at _ (C:\lar
agon\www\quiz-maxy\no
de_modules\.pnpm\tail
windcss@4.1.18\node_m
odules\tailwindcss\di
st\lib.js:3:1377)][0
m
    [2m[at $e (C:\la
ragon\www\quiz-maxy\n
ode_modules\.pnpm\tai
lwindcss@4.1.18\node_
modules\tailwindcss\d
ist\lib.js:21:172)][
0m
    [2m[at un (C:\la
ragon\www\quiz-maxy\n
ode_modules\.pnpm\tai
lwindcss@4.1.18\node_
modules\tailwindcss\d
ist\lib.js:38:294)][
0m
    [2m[at async cn 
(C:\laragon\www\quiz-
maxy\node_modules\.pn
pm\tailwindcss@4.1.18
\node_modules\tailwin
dcss\dist\lib.js:38:6
31)][0m
    [2m[at async Xr 
(C:\laragon\www\quiz-
maxy\node_modules\.pn
pm\@tailwindcss+node@
4.1.18\node_modules\@
tailwindcss\node\dist
\index.js:10:3417)][
0m
    [2m[at async I (
C:\laragon\www\quiz-m
axy\node_modules\.pnp
m\@tailwindcss+postcs
s@4.1.18\node_modules
\@tailwindcss\postcss
\dist\index.js:10:397
7)][0m

> Build error occurre
d
Error: Turbopack buil
d failed with 1 error
s:
./app/ethical-hacking
/globals.css
Error evaluating Node
.js code
CssSyntaxError: tailw
indcss: C:\laragon\ww
w\quiz-maxy\app\ethic
al-hacking\globals.cs
s:1:1: Cannot apply u
nknown utility class 
`bg-dark-bg`
    at Input.error (n
ode_modules/.pnpm/pos
tcss@8.5.6/node_modul
es/postcss/lib/input.
js:135:16) [C:\larago
n\www\quiz-maxy\.next
\build\chunks\node_mo
dules__pnpm_806d01c0.
_.js:4651:22]
    at Root.error (no
de_modules/.pnpm/post
css@8.5.6/node_module
s/postcss/lib/node.js
:146:32) [C:\laragon\
www\quiz-maxy\.next\b
uild\chunks\node_modu
les__pnpm_806d01c0._.
js:928:38]
    [at Object.Once (
C:\laragon\www\quiz-m
axy\node_modules\.pnp
m\@tailwindcss+postcs
s@4.1.18\node_modules
\@tailwindcss\postcss
\dist\index.js:10:691
1)]
    at async LazyResu
lt.runAsync (node_mod
ules/.pnpm/postcss@8.
5.6/node_modules/post
css/lib/lazy-result.j
s:293:11) [C:\laragon
\www\quiz-maxy\.next\
build\chunks\node_mod
ules__pnpm_806d01c0._
.js:6206:21]
    at async transfor
m (turbopack:///[turb
opack-node]/transform
s/postcss.ts:70:34) [
C:\laragon\www\quiz-m
axy\.next\build\chunk
s\[root-of-the-server
]__51225daf._.js:146:
36]
    at async run (tur
bopack:///[turbopack-
node]/ipc/evaluate.ts
:92:23) [C:\laragon\w
ww\quiz-maxy\.next\bu
ild\chunks\[root-of-t
he-server]__974941ed.
_.js:443:31]

Import trace:
  Client Component Br
owser:
    ./app/ethical-hac
king/globals.css [Cli
ent Component Browser
]
    ./app/ethical-hac
king/layout.tsx [Serv
er Component]


    at async transfor
m (turbopack:///[turb
opack-node]/transform
s/postcss.ts:70:34) [
C:\laragon\www\quiz-m
axy\.next\build\chunk
s\[root-of-the-server
]__51225daf._.js:146:
36])
    at async run (tur
bopack:///[turbopack-
node]/ipc/evaluate.ts
:92:23) [C:\laragon\w
ww\quiz-maxy\.next\bu
ild\chunks\[root-of-t
he-server]__974941ed.
_.js:443:31])
ÔÇëELIFECYCLEÔÇë Command failed with exit code 1.
