
> consolidated-platform@0.1.0 build C:\laragon\www\quiz-maxy
> next build

Ôû▓ Next.js 16.1.1 (Turbopack)

  Creating an optimized production build ...
Ô£ô Compiled successfully in 3.9s
  Running TypeScript ...
node.exe : Failed to 
compile.
At C:\Program Files\n
odejs\pnpm.ps1:16 cha
r:5
+     & "$basedir/nod
e$exe"  "$basedir/nod
e_modules/corepack/di
st/pnpm. ...
+     ~~~~~~~~~~~~~~~
~~~~~~~~~~~~~~~~~~~~~
~~~~~~~~~~~~~~~~~~~~~
~~~~~~~~
    + CategoryInfo   
           : NotSpe  
  cified: (Failed    
 to compile.:Stri    
ng) [], RemoteEx    c
eption
    + FullyQualified 
   ErrorId : Native  
  CommandError
 

./app/uml-mastery/com
ponents/VisualBuilder
/index.tsx:207:144
Type error: Expected 
3 arguments, but got 
4.

[0m [90m 205 |[39m
                     
                onUpd
ateBranch[33m=[39m{
(branchId[33m,[39m 
label) [33m=>[39m u
pdateNodes(prev [33m
=>[39m updateBranchL
abel(prev[33m,[39m 
branchId[33m,[39m l
abel))}
 [90m 206 |[39m    
                     
            onRemoveB
ranch[33m=[39m{(bra
nchId) [33m=>[39m u
pdateNodes(prev [33m
=>[39m removeBranch(
prev[33m,[39m branc
hId))}
[31m[1m>[22m[39m
[90m 207 |[39m      
                     
          onAddNodeTo
Branch[33m=[39m{(no
deId[33m,[39m branc
hIndex) [33m=>[39m 
updateNodes(prev [33
m=>[39m addNodeToBra
nch(prev[33m,[39m n
odeId[33m,[39m bran
chIndex[33m,[39m { 
id[33m:[39m [32m`n
ode-${Date.now()}`[3
9m[33m,[39m type[3
3m:[39m [32m'action
'[39m[33m,[39m lab
el[33m:[39m [32m'N
ew Action'[39m }))}
 [90m     |[39m    
                     
                     
                     
                     
                     
                     
              [31m[
1m^[22m[39m
 [90m 208 |[39m    
                     
            onReorder
Branch[33m=[39m{(no
deId[33m,[39m branc
hIndex[33m,[39m new
Nodes) [33m=>[39m u
pdateNodes(prev [33m
=>[39m reorderBranch
Nodes(prev[33m,[39m
 nodeId[33m,[39m br
anchIndex[33m,[39m 
newNodes))}
 [90m 209 |[39m    
                     
        [33m/[39m[
33m>[39m
 [90m 210 |[39m[0m
Next.js build worker 
exited with code: 1 a
nd signal: null
ÔÇëELIFECYCLEÔÇë Command failed with exit code 1.
